V3 58
FL C:/Users/zlang/Final_Project_4StageLFormat/ALU.vhd 2017/03/23.16:15:46 O.87xd
FL C:/Users/zlang/Final_Project_4StageLFormat/CPU.vhd 2017/03/23.16:30:18 O.87xd
FL C:/Users/zlang/Final_Project_4StageLFormat/CU.vhd 2017/03/23.16:23:19 O.87xd
FL C:/Users/zlang/Final_Project_4StageLFormat/RAM.vhd 2017/03/23.16:17:27 O.87xd
FL C:/Users/zlang/Final_Project_4StageLFormat/Register.vhd 2017/03/23.16:15:45 O.87xd
FL C:/Users/zlang/Final_Project_4StageLFormat/ROM.vhd 2017/03/23.16:40:10 O.87xd
FL C:/Users/zlang/Final_Project_Complete/ALU.vhd 2017/03/29.14:38:12 O.87xd
EN work/ALU 1490827588 FL C:/Users/zlang/Final_Project_Complete/ALU.vhd \
      PB ieee/std_logic_1164 1325952872 PB ieee/STD_LOGIC_UNSIGNED 1325952875 \
      PB ieee/NUMERIC_STD 1325952877
AR work/ALU/behavioural 1490827589 \
      FL C:/Users/zlang/Final_Project_Complete/ALU.vhd EN work/ALU 1490827588
FL C:/Users/zlang/Final_Project_Complete/CPU.vhd 2017/03/29.14:38:11 O.87xd
EN work/CPU 1490827600 FL C:/Users/zlang/Final_Project_Complete/CPU.vhd \
      PB ieee/std_logic_1164 1325952872 PB ieee/STD_LOGIC_UNSIGNED 1325952875 \
      PB ieee/NUMERIC_STD 1325952877
AR work/CPU/Behavioral 1490827601 \
      FL C:/Users/zlang/Final_Project_Complete/CPU.vhd EN work/CPU 1490827600 \
      CP ALU CP Reg CP CU CP ROM CP RAM CP display_controller
FL C:/Users/zlang/Final_Project_Complete/CU.vhd 2017/03/29.15:45:38 O.87xd
EN work/CU 1490827592 FL C:/Users/zlang/Final_Project_Complete/CU.vhd \
      PB ieee/std_logic_1164 1325952872 PB ieee/STD_LOGIC_UNSIGNED 1325952875 \
      PB ieee/NUMERIC_STD 1325952877
AR work/CU/Behavioral 1490827593 \
      FL C:/Users/zlang/Final_Project_Complete/CU.vhd EN work/CU 1490827592
FL C:/Users/zlang/Final_Project_Complete/Display_Controller.vhd 2017/03/29.14:38:11 O.87xd
EN work/display_controller 1490827598 \
      FL C:/Users/zlang/Final_Project_Complete/Display_Controller.vhd \
      PB ieee/std_logic_1164 1325952872 PB ieee/NUMERIC_STD 1325952877
AR work/display_controller/arch 1490827599 \
      FL C:/Users/zlang/Final_Project_Complete/Display_Controller.vhd \
      EN work/display_controller 1490827598
FL C:/Users/zlang/Final_Project_Complete/RAM.vhd 2017/03/29.14:38:11 O.87xd
EN work/RAM 1490827596 FL C:/Users/zlang/Final_Project_Complete/RAM.vhd \
      PB ieee/std_logic_1164 1325952872 PB ieee/STD_LOGIC_UNSIGNED 1325952875 \
      PB ieee/NUMERIC_STD 1325952877
AR work/RAM/Behavioral 1490827597 \
      FL C:/Users/zlang/Final_Project_Complete/RAM.vhd EN work/RAM 1490827596
FL C:/Users/zlang/Final_Project_Complete/Register.vhd 2017/03/29.14:38:11 O.87xd
EN work/Reg 1490827590 FL C:/Users/zlang/Final_Project_Complete/Register.vhd \
      PB ieee/std_logic_1164 1325952872 PB ieee/STD_LOGIC_UNSIGNED 1325952875
AR work/Reg/behavioural 1490827591 \
      FL C:/Users/zlang/Final_Project_Complete/Register.vhd EN work/Reg 1490827590
FL C:/Users/zlang/Final_Project_Complete/ROM.vhd 2017/03/29.15:26:41 O.87xd
EN work/ROM 1490827594 FL C:/Users/zlang/Final_Project_Complete/ROM.vhd \
      PB ieee/std_logic_1164 1325952872 PB ieee/STD_LOGIC_UNSIGNED 1325952875 \
      PB ieee/NUMERIC_STD 1325952877
AR work/ROM/Behavioral 1490827595 \
      FL C:/Users/zlang/Final_Project_Complete/ROM.vhd EN work/ROM 1490827594
FL C:/Users/zlang/Final_Project_Final_Implementation/ALU.vhd 2017/03/23.18:46:04 O.87xd
FL C:/Users/zlang/Final_Project_Final_Implementation/CPU.vhd 2017/03/28.12:12:39 O.87xd
FL C:/Users/zlang/Final_Project_Final_Implementation/CU.vhd 2017/03/28.13:19:32 O.87xd
FL C:/Users/zlang/Final_Project_Final_Implementation/Display_Controller.vhd 2017/03/28.10:53:23 O.87xd
FL C:/Users/zlang/Final_Project_Final_Implementation/RAM.vhd 2017/03/23.18:46:04 O.87xd
FL C:/Users/zlang/Final_Project_Final_Implementation/Register.vhd 2017/03/28.11:56:12 O.87xd
FL C:/Users/zlang/Final_Project_Final_Implementation/ROM.vhd 2017/03/28.11:56:12 O.87xd
FL C:/Users/zlang/Final_Project_Final_Implementationv2/ALU.vhd 2017/03/29.11:32:48 O.87xd
FL C:/Users/zlang/Final_Project_Final_Implementationv2/CPU.vhd 2017/03/29.12:13:09 O.87xd
FL C:/Users/zlang/Final_Project_Final_Implementationv2/CU.vhd 2017/03/29.13:04:58 O.87xd
FL C:/Users/zlang/Final_Project_Final_Implementationv2/Display_Controller.vhd 2017/03/29.11:32:47 O.87xd
FL C:/Users/zlang/Final_Project_Final_Implementationv2/RAM.vhd 2017/03/29.11:32:47 O.87xd
FL C:/Users/zlang/Final_Project_Final_Implementationv2/Register.vhd 2017/03/29.11:32:47 O.87xd
FL C:/Users/zlang/Final_Project_Final_Implementationv2/ROM.vhd 2017/03/29.14:30:34 O.87xd
FL C:/Users/zlang/Final_Project_Implementation/ALU.vhd 2017/03/16.17:22:50 O.87xd
FL C:/Users/zlang/Final_Project_Implementation/CPU.vhd 2017/03/16.17:22:50 O.87xd
FL C:/Users/zlang/Final_Project_Implementation/CU.vhd 2017/03/16.17:22:50 O.87xd
FL C:/Users/zlang/Final_Project_Implementation/Register.vhd 2017/03/16.17:22:50 O.87xd
FL C:/Users/zlang/Final_Project_Implementation/ROM.vhd 2017/03/16.17:22:50 O.87xd
FL C:/Users/zlang/Final_Project_LFormat/RAM.vhd 2017/03/22.15:34:23 O.87xd
FL C:/Users/zlang/Final_Project_Pipelinev2/ALU.vhd 2017/03/16.16:24:43 O.87xd
FL C:/Users/zlang/Final_Project_Pipelinev2/CPU.vhd 2017/03/16.16:30:10 O.87xd
FL C:/Users/zlang/Final_Project_Pipelinev2/CU.vhd 2017/03/16.17:04:53 O.87xd
FL C:/Users/zlang/Final_Project_Pipelinev2/Register.vhd 2017/03/09.17:08:53 O.87xd
FL C:/Users/zlang/Final_Project_Pipelinev2/ROM.vhd 2017/03/16.16:02:53 O.87xd
